◇ injecting env (13) from .env.local // tip: ◈ encrypted .env [www.dotenvx.com]
Fetching dirty products from Supabase...
Scanned 1000 rows, 13 dirty so far...
Scanned 2000 rows, 1009 dirty so far...
Scanned 3000 rows, 2006 dirty so far...
Scanned 4000 rows, 3003 dirty so far...
Scanned 5000 rows, 4001 dirty so far...
Scanned 6000 rows, 5001 dirty so far...
Scanned 7000 rows, 6001 dirty so far...
Scanned 8000 rows, 7001 dirty so far...
Scanned 9000 rows, 8001 dirty so far...
Scanned 10000 rows, 9001 dirty so far...
Scanned 11000 rows, 10001 dirty so far...
Scanned 12000 rows, 11001 dirty so far...
Scanned 13000 rows, 12001 dirty so far...
Scanned 14000 rows, 12996 dirty so far...
Scanned 15000 rows, 13994 dirty so far...
Scanned 16000 rows, 14991 dirty so far...
Scanned 17000 rows, 15971 dirty so far...
Scanned 17444 rows, 16364 dirty so far...

Found 16364 dirty products. Starting cleanup...

Batch 1/655 — fixed: 25, skipped: 0
Batch 2/655 — fixed: 50, skipped: 0
Batch 3/655 — fixed: 75, skipped: 0
Batch 4/655 — fixed: 100, skipped: 0
Batch 5/655 — fixed: 125, skipped: 0
Batch 6/655 — fixed: 150, skipped: 0
Batch parse error: fetch failed
Batch 7/655 — fixed: 150, skipped: 0
Batch 8/655 — fixed: 175, skipped: 0
Batch 9/655 — fixed: 200, skipped: 0
Batch 10/655 — fixed: 225, skipped: 0
Batch 11/655 — fixed: 250, skipped: 0
Batch 12/655 — fixed: 275, skipped: 0
Batch 13/655 — fixed: 300, skipped: 0
Batch 14/655 — fixed: 325, skipped: 0
Batch 15/655 — fixed: 350, skipped: 0
Batch 16/655 — fixed: 375, skipped: 0
Batch 17/655 — fixed: 400, skipped: 0
Batch 18/655 — fixed: 425, skipped: 0
Batch 19/655 — fixed: 450, skipped: 0
Batch 20/655 — fixed: 475, skipped: 0
Batch 21/655 — fixed: 500, skipped: 0
Batch 22/655 — fixed: 525, skipped: 0
Batch 23/655 — fixed: 550, skipped: 0
Batch 24/655 — fixed: 575, skipped: 0
Batch 25/655 — fixed: 600, skipped: 0
Batch 26/655 — fixed: 625, skipped: 0
Batch 27/655 — fixed: 650, skipped: 0
Batch 28/655 — fixed: 675, skipped: 0
Batch 29/655 — fixed: 700, skipped: 0
Batch 30/655 — fixed: 725, skipped: 0
Batch 31/655 — fixed: 750, skipped: 0
Batch 32/655 — fixed: 775, skipped: 0
Batch 33/655 — fixed: 800, skipped: 0
Batch 34/655 — fixed: 825, skipped: 0
Batch 35/655 — fixed: 850, skipped: 0
Batch 36/655 — fixed: 875, skipped: 0
Batch 37/655 — fixed: 900, skipped: 0
Batch 38/655 — fixed: 925, skipped: 0
Batch 39/655 — fixed: 950, skipped: 0
Batch 40/655 — fixed: 975, skipped: 0
Batch 41/655 — fixed: 1000, skipped: 0
Batch 42/655 — fixed: 1025, skipped: 0
Batch 43/655 — fixed: 1050, skipped: 0
Batch 44/655 — fixed: 1075, skipped: 0
Batch 45/655 — fixed: 1100, skipped: 0
Batch 46/655 — fixed: 1125, skipped: 0
Batch 47/655 — fixed: 1150, skipped: 0
Batch 48/655 — fixed: 1175, skipped: 0
Batch 49/655 — fixed: 1200, skipped: 0
Batch 50/655 — fixed: 1225, skipped: 0
Batch 51/655 — fixed: 1250, skipped: 0
Batch 52/655 — fixed: 1275, skipped: 0
Batch 53/655 — fixed: 1300, skipped: 0
Batch 54/655 — fixed: 1325, skipped: 0
Batch 55/655 — fixed: 1350, skipped: 0
Batch 56/655 — fixed: 1375, skipped: 0
Batch 57/655 — fixed: 1400, skipped: 0
Batch 58/655 — fixed: 1425, skipped: 0
Batch 59/655 — fixed: 1450, skipped: 0
Batch 60/655 — fixed: 1475, skipped: 0
Batch 61/655 — fixed: 1500, skipped: 0
Batch 62/655 — fixed: 1525, skipped: 0
Batch 63/655 — fixed: 1550, skipped: 0
Batch 64/655 — fixed: 1575, skipped: 0
Batch 65/655 — fixed: 1600, skipped: 0
Batch 66/655 — fixed: 1625, skipped: 0
Batch 67/655 — fixed: 1650, skipped: 0
Batch 68/655 — fixed: 1675, skipped: 0
Batch 69/655 — fixed: 1700, skipped: 0
Batch 70/655 — fixed: 1725, skipped: 0
Batch 71/655 — fixed: 1750, skipped: 0
Batch 72/655 — fixed: 1775, skipped: 0
Batch 73/655 — fixed: 1800, skipped: 0
Batch 74/655 — fixed: 1825, skipped: 0
Batch 75/655 — fixed: 1850, skipped: 0
Batch 76/655 — fixed: 1875, skipped: 0
Batch 77/655 — fixed: 1900, skipped: 0
Batch 78/655 — fixed: 1925, skipped: 0
Batch 79/655 — fixed: 1950, skipped: 0
Batch 80/655 — fixed: 1975, skipped: 0
Batch 81/655 — fixed: 2000, skipped: 0
Batch 82/655 — fixed: 2025, skipped: 0
Batch 83/655 — fixed: 2050, skipped: 0
Batch 84/655 — fixed: 2075, skipped: 0
Batch 85/655 — fixed: 2100, skipped: 0
Batch 86/655 — fixed: 2125, skipped: 0
Batch 87/655 — fixed: 2150, skipped: 0
Batch 88/655 — fixed: 2175, skipped: 0
Batch 89/655 — fixed: 2200, skipped: 0
Batch 90/655 — fixed: 2225, skipped: 0
Batch 91/655 — fixed: 2250, skipped: 0
Batch 92/655 — fixed: 2275, skipped: 0
Batch 93/655 — fixed: 2300, skipped: 0
Batch 94/655 — fixed: 2325, skipped: 0
Batch 95/655 — fixed: 2350, skipped: 0
Batch 96/655 — fixed: 2375, skipped: 0
Batch 97/655 — fixed: 2400, skipped: 0
Batch 98/655 — fixed: 2425, skipped: 0
Batch 99/655 — fixed: 2450, skipped: 0
Batch 100/655 — fixed: 2475, skipped: 0
Batch 101/655 — fixed: 2500, skipped: 0
Batch 102/655 — fixed: 2525, skipped: 0
Batch 103/655 — fixed: 2550, skipped: 0
Batch 104/655 — fixed: 2575, skipped: 0
Batch 105/655 — fixed: 2600, skipped: 0
Batch 106/655 — fixed: 2625, skipped: 0
Batch 107/655 — fixed: 2650, skipped: 0
Batch 108/655 — fixed: 2675, skipped: 0
Batch 109/655 — fixed: 2700, skipped: 0
Batch 110/655 — fixed: 2725, skipped: 0
Batch 111/655 — fixed: 2750, skipped: 0
Batch 112/655 — fixed: 2775, skipped: 0
Batch 113/655 — fixed: 2800, skipped: 0
Batch 114/655 — fixed: 2825, skipped: 0
Batch 115/655 — fixed: 2850, skipped: 0
Batch 116/655 — fixed: 2875, skipped: 0
Batch 117/655 — fixed: 2900, skipped: 0
Batch 118/655 — fixed: 2925, skipped: 0
Batch 119/655 — fixed: 2950, skipped: 0
Batch 120/655 — fixed: 2975, skipped: 0
Batch 121/655 — fixed: 3000, skipped: 0
Batch 122/655 — fixed: 3025, skipped: 0
Batch 123/655 — fixed: 3050, skipped: 0
Batch 124/655 — fixed: 3075, skipped: 0
Batch 125/655 — fixed: 3100, skipped: 0
Batch 126/655 — fixed: 3125, skipped: 0
Batch 127/655 — fixed: 3150, skipped: 0
Batch 128/655 — fixed: 3175, skipped: 0
Batch 129/655 — fixed: 3200, skipped: 0
Batch 130/655 — fixed: 3225, skipped: 0
Batch 131/655 — fixed: 3250, skipped: 0
Batch 132/655 — fixed: 3275, skipped: 0
Batch 133/655 — fixed: 3300, skipped: 0
Batch 134/655 — fixed: 3325, skipped: 0
Batch 135/655 — fixed: 3350, skipped: 0
Batch 136/655 — fixed: 3375, skipped: 0
Batch 137/655 — fixed: 3400, skipped: 0
Batch 138/655 — fixed: 3425, skipped: 0
Batch 139/655 — fixed: 3450, skipped: 0
Batch 140/655 — fixed: 3475, skipped: 0
Batch 141/655 — fixed: 3500, skipped: 0
Batch 142/655 — fixed: 3525, skipped: 0
Batch 143/655 — fixed: 3550, skipped: 0
Batch 144/655 — fixed: 3575, skipped: 0
Batch 145/655 — fixed: 3600, skipped: 0
Batch 146/655 — fixed: 3625, skipped: 0
Batch 147/655 — fixed: 3650, skipped: 0
Batch 148/655 — fixed: 3675, skipped: 0
Batch 149/655 — fixed: 3700, skipped: 0
Batch 150/655 — fixed: 3725, skipped: 0
Batch 151/655 — fixed: 3750, skipped: 0
Batch 152/655 — fixed: 3775, skipped: 0
Batch 153/655 — fixed: 3800, skipped: 0
Batch 154/655 — fixed: 3825, skipped: 0
Batch 155/655 — fixed: 3850, skipped: 0
Batch 156/655 — fixed: 3875, skipped: 0
Batch 157/655 — fixed: 3900, skipped: 0
Batch 158/655 — fixed: 3925, skipped: 0
Batch 159/655 — fixed: 3950, skipped: 0
Batch 160/655 — fixed: 3975, skipped: 0
Batch 161/655 — fixed: 4000, skipped: 0
Batch 162/655 — fixed: 4025, skipped: 0
Batch 163/655 — fixed: 4050, skipped: 0
Batch 164/655 — fixed: 4075, skipped: 0
Batch 165/655 — fixed: 4100, skipped: 0
Batch 166/655 — fixed: 4125, skipped: 0
Batch 167/655 — fixed: 4150, skipped: 0
Batch 168/655 — fixed: 4175, skipped: 0
Batch 169/655 — fixed: 4200, skipped: 0
Batch 170/655 — fixed: 4225, skipped: 0
Batch 171/655 — fixed: 4250, skipped: 0
Batch 172/655 — fixed: 4275, skipped: 0
Batch 173/655 — fixed: 4300, skipped: 0
Batch 174/655 — fixed: 4325, skipped: 0
Batch 175/655 — fixed: 4350, skipped: 0
Batch 176/655 — fixed: 4375, skipped: 0
Batch 177/655 — fixed: 4400, skipped: 0
Batch 178/655 — fixed: 4425, skipped: 0
Batch 179/655 — fixed: 4450, skipped: 0
Batch 180/655 — fixed: 4475, skipped: 0
Batch 181/655 — fixed: 4500, skipped: 0
Batch 182/655 — fixed: 4525, skipped: 0
Batch 183/655 — fixed: 4550, skipped: 0
Batch 184/655 — fixed: 4575, skipped: 0
Batch 185/655 — fixed: 4600, skipped: 0
Batch 186/655 — fixed: 4625, skipped: 0
Batch 187/655 — fixed: 4650, skipped: 0
Batch 188/655 — fixed: 4675, skipped: 0
Batch 189/655 — fixed: 4700, skipped: 0
Batch 190/655 — fixed: 4725, skipped: 0
Batch 191/655 — fixed: 4750, skipped: 0
Batch 192/655 — fixed: 4775, skipped: 0
Batch 193/655 — fixed: 4800, skipped: 0
Batch 194/655 — fixed: 4825, skipped: 0
Batch 195/655 — fixed: 4850, skipped: 0
Batch 196/655 — fixed: 4875, skipped: 0
Batch 197/655 — fixed: 4900, skipped: 0
Batch 198/655 — fixed: 4925, skipped: 0
Batch 199/655 — fixed: 4950, skipped: 0
Batch 200/655 — fixed: 4975, skipped: 0
Batch 201/655 — fixed: 5000, skipped: 0
Batch 202/655 — fixed: 5025, skipped: 0
Batch 203/655 — fixed: 5050, skipped: 0
Batch 204/655 — fixed: 5075, skipped: 0
Batch 205/655 — fixed: 5100, skipped: 0
Batch 206/655 — fixed: 5125, skipped: 0
Batch 207/655 — fixed: 5150, skipped: 0
Batch 208/655 — fixed: 5175, skipped: 0
Batch 209/655 — fixed: 5200, skipped: 0
Batch 210/655 — fixed: 5225, skipped: 0
Batch 211/655 — fixed: 5250, skipped: 0
Batch 212/655 — fixed: 5275, skipped: 0
Batch 213/655 — fixed: 5300, skipped: 0
Batch 214/655 — fixed: 5325, skipped: 0
Batch 215/655 — fixed: 5350, skipped: 0
Batch 216/655 — fixed: 5375, skipped: 0
Batch 217/655 — fixed: 5400, skipped: 0
Batch 218/655 — fixed: 5425, skipped: 0
Batch 219/655 — fixed: 5450, skipped: 0
Batch 220/655 — fixed: 5475, skipped: 0
Batch 221/655 — fixed: 5500, skipped: 0
Batch 222/655 — fixed: 5525, skipped: 0
Batch 223/655 — fixed: 5550, skipped: 0
Batch 224/655 — fixed: 5575, skipped: 0
Batch 225/655 — fixed: 5600, skipped: 0
Batch 226/655 — fixed: 5625, skipped: 0
Batch 227/655 — fixed: 5650, skipped: 0
Batch 228/655 — fixed: 5675, skipped: 0
Batch 229/655 — fixed: 5700, skipped: 0
Batch 230/655 — fixed: 5725, skipped: 0
Batch 231/655 — fixed: 5750, skipped: 0
Batch 232/655 — fixed: 5775, skipped: 0
Batch 233/655 — fixed: 5800, skipped: 0
Batch 234/655 — fixed: 5825, skipped: 0
Batch 235/655 — fixed: 5850, skipped: 0
Batch 236/655 — fixed: 5875, skipped: 0
Batch 237/655 — fixed: 5900, skipped: 0
Batch 238/655 — fixed: 5925, skipped: 0
Batch 239/655 — fixed: 5950, skipped: 0
Batch 240/655 — fixed: 5975, skipped: 0
Batch 241/655 — fixed: 6000, skipped: 0
Batch 242/655 — fixed: 6025, skipped: 0
Batch 243/655 — fixed: 6050, skipped: 0
Batch 244/655 — fixed: 6075, skipped: 0
Batch 245/655 — fixed: 6100, skipped: 0
Batch 246/655 — fixed: 6125, skipped: 0
Batch 247/655 — fixed: 6150, skipped: 0
Batch 248/655 — fixed: 6175, skipped: 0
Batch 249/655 — fixed: 6200, skipped: 0
Batch 250/655 — fixed: 6225, skipped: 0
Batch 251/655 — fixed: 6250, skipped: 0
Batch 252/655 — fixed: 6275, skipped: 0
Batch 253/655 — fixed: 6300, skipped: 0
Batch 254/655 — fixed: 6325, skipped: 0
Batch 255/655 — fixed: 6350, skipped: 0
Batch 256/655 — fixed: 6375, skipped: 0
Batch 257/655 — fixed: 6400, skipped: 0
Batch 258/655 — fixed: 6425, skipped: 0
Batch 259/655 — fixed: 6450, skipped: 0
Batch 260/655 — fixed: 6475, skipped: 0
Batch 261/655 — fixed: 6500, skipped: 0
Batch 262/655 — fixed: 6525, skipped: 0
Batch 263/655 — fixed: 6550, skipped: 0
Batch 264/655 — fixed: 6575, skipped: 0
Batch 265/655 — fixed: 6600, skipped: 0
Batch 266/655 — fixed: 6625, skipped: 0
Batch 267/655 — fixed: 6650, skipped: 0
Batch 268/655 — fixed: 6675, skipped: 0
Batch 269/655 — fixed: 6700, skipped: 0
Batch 270/655 — fixed: 6725, skipped: 0
Batch 271/655 — fixed: 6750, skipped: 0
Batch 272/655 — fixed: 6775, skipped: 0
Batch 273/655 — fixed: 6800, skipped: 0
Batch 274/655 — fixed: 6825, skipped: 0
Batch 275/655 — fixed: 6850, skipped: 0
Batch 276/655 — fixed: 6875, skipped: 0
Batch 277/655 — fixed: 6900, skipped: 0
Batch 278/655 — fixed: 6925, skipped: 0
Batch 279/655 — fixed: 6950, skipped: 0
Batch 280/655 — fixed: 6975, skipped: 0
Batch 281/655 — fixed: 7000, skipped: 0
Batch 282/655 — fixed: 7025, skipped: 0
Batch 283/655 — fixed: 7050, skipped: 0
Batch 284/655 — fixed: 7075, skipped: 0
Batch 285/655 — fixed: 7100, skipped: 0
Batch 286/655 — fixed: 7125, skipped: 0
Batch 287/655 — fixed: 7150, skipped: 0
Batch 288/655 — fixed: 7175, skipped: 0
Batch 289/655 — fixed: 7200, skipped: 0
Batch 290/655 — fixed: 7225, skipped: 0
Batch 291/655 — fixed: 7250, skipped: 0
Batch 292/655 — fixed: 7275, skipped: 0
Batch 293/655 — fixed: 7300, skipped: 0
Batch 294/655 — fixed: 7325, skipped: 0
Batch 295/655 — fixed: 7350, skipped: 0
Batch 296/655 — fixed: 7375, skipped: 0
Batch 297/655 — fixed: 7400, skipped: 0
Batch 298/655 — fixed: 7425, skipped: 0
Batch 299/655 — fixed: 7450, skipped: 0
Batch 300/655 — fixed: 7475, skipped: 0
Batch 301/655 — fixed: 7500, skipped: 0
Batch 302/655 — fixed: 7525, skipped: 0
Batch 303/655 — fixed: 7550, skipped: 0
Batch 304/655 — fixed: 7575, skipped: 0
Batch 305/655 — fixed: 7600, skipped: 0
Batch 306/655 — fixed: 7625, skipped: 0
Batch 307/655 — fixed: 7650, skipped: 0
Batch 308/655 — fixed: 7675, skipped: 0
Batch 309/655 — fixed: 7700, skipped: 0
Batch 310/655 — fixed: 7725, skipped: 0
Batch 311/655 — fixed: 7750, skipped: 0
Batch 312/655 — fixed: 7775, skipped: 0
Batch 313/655 — fixed: 7800, skipped: 0
Batch 314/655 — fixed: 7825, skipped: 0
Batch 315/655 — fixed: 7850, skipped: 0
Batch 316/655 — fixed: 7875, skipped: 0
Batch 317/655 — fixed: 7900, skipped: 0
Batch 318/655 — fixed: 7925, skipped: 0
Batch 319/655 — fixed: 7950, skipped: 0
Batch 320/655 — fixed: 7975, skipped: 0
Batch 321/655 — fixed: 8000, skipped: 0
Batch 322/655 — fixed: 8025, skipped: 0
Batch 323/655 — fixed: 8050, skipped: 0
Batch 324/655 — fixed: 8075, skipped: 0
Batch 325/655 — fixed: 8100, skipped: 0
Batch 326/655 — fixed: 8125, skipped: 0
Batch 327/655 — fixed: 8150, skipped: 0
Batch 328/655 — fixed: 8175, skipped: 0
Batch 329/655 — fixed: 8200, skipped: 0
Batch 330/655 — fixed: 8225, skipped: 0
Batch 331/655 — fixed: 8250, skipped: 0
Batch 332/655 — fixed: 8275, skipped: 0
Batch 333/655 — fixed: 8300, skipped: 0
Batch 334/655 — fixed: 8325, skipped: 0
Batch 335/655 — fixed: 8350, skipped: 0
Batch 336/655 — fixed: 8375, skipped: 0
Batch 337/655 — fixed: 8400, skipped: 0
Batch 338/655 — fixed: 8425, skipped: 0
Batch 339/655 — fixed: 8450, skipped: 0
Batch 340/655 — fixed: 8475, skipped: 0
Batch 341/655 — fixed: 8500, skipped: 0
Batch 342/655 — fixed: 8525, skipped: 0
Batch 343/655 — fixed: 8550, skipped: 0
Batch 344/655 — fixed: 8575, skipped: 0
Batch 345/655 — fixed: 8600, skipped: 0
Batch 346/655 — fixed: 8625, skipped: 0
Batch 347/655 — fixed: 8650, skipped: 0
Batch 348/655 — fixed: 8675, skipped: 0
Batch 349/655 — fixed: 8700, skipped: 0
Batch 350/655 — fixed: 8725, skipped: 0
Batch 351/655 — fixed: 8750, skipped: 0
Batch 352/655 — fixed: 8775, skipped: 0
Batch 353/655 — fixed: 8800, skipped: 0
Batch 354/655 — fixed: 8825, skipped: 0
Batch 355/655 — fixed: 8850, skipped: 0
Batch 356/655 — fixed: 8875, skipped: 0
Batch 357/655 — fixed: 8900, skipped: 0
Batch 358/655 — fixed: 8925, skipped: 0
Batch 359/655 — fixed: 8950, skipped: 0
Batch 360/655 — fixed: 8975, skipped: 0
Batch 361/655 — fixed: 9000, skipped: 0
Batch 362/655 — fixed: 9025, skipped: 0
Batch 363/655 — fixed: 9050, skipped: 0
Batch 364/655 — fixed: 9075, skipped: 0
Batch 365/655 — fixed: 9100, skipped: 0
Batch 366/655 — fixed: 9125, skipped: 0
Batch 367/655 — fixed: 9150, skipped: 0
Batch 368/655 — fixed: 9175, skipped: 0
Batch 369/655 — fixed: 9200, skipped: 0
Batch 370/655 — fixed: 9225, skipped: 0
Batch 371/655 — fixed: 9250, skipped: 0
Batch 372/655 — fixed: 9275, skipped: 0
Batch 373/655 — fixed: 9300, skipped: 0
Batch 374/655 — fixed: 9325, skipped: 0
Batch 375/655 — fixed: 9350, skipped: 0
Batch 376/655 — fixed: 9375, skipped: 0
Batch 377/655 — fixed: 9400, skipped: 0
Batch 378/655 — fixed: 9425, skipped: 0
Batch 379/655 — fixed: 9450, skipped: 0
Batch 380/655 — fixed: 9475, skipped: 0
Batch 381/655 — fixed: 9500, skipped: 0
Batch 382/655 — fixed: 9525, skipped: 0
Batch 383/655 — fixed: 9550, skipped: 0
Batch 384/655 — fixed: 9575, skipped: 0
Batch 385/655 — fixed: 9600, skipped: 0
Batch 386/655 — fixed: 9625, skipped: 0
Batch 387/655 — fixed: 9650, skipped: 0
Batch 388/655 — fixed: 9675, skipped: 0
Batch 389/655 — fixed: 9700, skipped: 0
Batch 390/655 — fixed: 9725, skipped: 0
Batch 391/655 — fixed: 9750, skipped: 0
Batch 392/655 — fixed: 9775, skipped: 0
Batch 393/655 — fixed: 9800, skipped: 0
Batch 394/655 — fixed: 9825, skipped: 0
Batch 395/655 — fixed: 9850, skipped: 0
Batch 396/655 — fixed: 9875, skipped: 0
Batch 397/655 — fixed: 9900, skipped: 0
Batch 398/655 — fixed: 9925, skipped: 0
Batch 399/655 — fixed: 9950, skipped: 0
Batch 400/655 — fixed: 9975, skipped: 0
Batch 401/655 — fixed: 10000, skipped: 0
Batch 402/655 — fixed: 10025, skipped: 0
Batch 403/655 — fixed: 10050, skipped: 0
Batch 404/655 — fixed: 10075, skipped: 0
Batch 405/655 — fixed: 10100, skipped: 0
Batch 406/655 — fixed: 10125, skipped: 0
Batch 407/655 — fixed: 10150, skipped: 0
Batch 408/655 — fixed: 10175, skipped: 0
Batch 409/655 — fixed: 10200, skipped: 0
Batch 410/655 — fixed: 10225, skipped: 0
Batch 411/655 — fixed: 10250, skipped: 0
Batch 412/655 — fixed: 10275, skipped: 0
Batch 413/655 — fixed: 10300, skipped: 0
Batch 414/655 — fixed: 10325, skipped: 0
Batch 415/655 — fixed: 10350, skipped: 0
Batch 416/655 — fixed: 10375, skipped: 0
Batch 417/655 — fixed: 10400, skipped: 0
Batch 418/655 — fixed: 10425, skipped: 0
Batch 419/655 — fixed: 10450, skipped: 0
Batch 420/655 — fixed: 10475, skipped: 0
Batch 421/655 — fixed: 10500, skipped: 0
Batch 422/655 — fixed: 10525, skipped: 0
Batch 423/655 — fixed: 10550, skipped: 0
Batch 424/655 — fixed: 10575, skipped: 0
Batch 425/655 — fixed: 10600, skipped: 0
Batch 426/655 — fixed: 10625, skipped: 0
Batch 427/655 — fixed: 10650, skipped: 0
Batch 428/655 — fixed: 10675, skipped: 0
Batch 429/655 — fixed: 10700, skipped: 0
Batch 430/655 — fixed: 10725, skipped: 0
Batch 431/655 — fixed: 10750, skipped: 0
Batch 432/655 — fixed: 10775, skipped: 0
Batch 433/655 — fixed: 10800, skipped: 0
Batch 434/655 — fixed: 10825, skipped: 0
Batch 435/655 — fixed: 10850, skipped: 0
Batch 436/655 — fixed: 10875, skipped: 0
Batch 437/655 — fixed: 10900, skipped: 0
Batch 438/655 — fixed: 10925, skipped: 0
Batch 439/655 — fixed: 10950, skipped: 0
Batch 440/655 — fixed: 10975, skipped: 0
Batch 441/655 — fixed: 11000, skipped: 0
Batch 442/655 — fixed: 11025, skipped: 0
Batch 443/655 — fixed: 11050, skipped: 0
Batch 444/655 — fixed: 11075, skipped: 0
Batch 445/655 — fixed: 11100, skipped: 0
Batch 446/655 — fixed: 11125, skipped: 0
Batch 447/655 — fixed: 11150, skipped: 0
Batch 448/655 — fixed: 11175, skipped: 0
Batch 449/655 — fixed: 11200, skipped: 0
Batch 450/655 — fixed: 11225, skipped: 0
Batch 451/655 — fixed: 11250, skipped: 0
Batch 452/655 — fixed: 11275, skipped: 0
Batch 453/655 — fixed: 11300, skipped: 0
Batch 454/655 — fixed: 11325, skipped: 0
Batch 455/655 — fixed: 11350, skipped: 0
Batch 456/655 — fixed: 11375, skipped: 0
Batch 457/655 — fixed: 11400, skipped: 0
Batch 458/655 — fixed: 11425, skipped: 0
Batch 459/655 — fixed: 11450, skipped: 0
Batch 460/655 — fixed: 11475, skipped: 0
Batch 461/655 — fixed: 11500, skipped: 0
Batch 462/655 — fixed: 11525, skipped: 0
Batch 463/655 — fixed: 11550, skipped: 0
Batch 464/655 — fixed: 11575, skipped: 0
Batch 465/655 — fixed: 11600, skipped: 0
Batch 466/655 — fixed: 11625, skipped: 0
Batch 467/655 — fixed: 11650, skipped: 0
Batch 468/655 — fixed: 11675, skipped: 0
Batch 469/655 — fixed: 11700, skipped: 0
Batch 470/655 — fixed: 11725, skipped: 0
Batch 471/655 — fixed: 11750, skipped: 0
Batch 472/655 — fixed: 11775, skipped: 0
Batch 473/655 — fixed: 11800, skipped: 0
Batch 474/655 — fixed: 11825, skipped: 0
Batch 475/655 — fixed: 11850, skipped: 0
Batch 476/655 — fixed: 11875, skipped: 0
Batch 477/655 — fixed: 11900, skipped: 0
Batch 478/655 — fixed: 11925, skipped: 0
Batch 479/655 — fixed: 11950, skipped: 0
Batch 480/655 — fixed: 11975, skipped: 0
Batch 481/655 — fixed: 12000, skipped: 0
Batch 482/655 — fixed: 12025, skipped: 0
Batch 483/655 — fixed: 12050, skipped: 0
Batch 484/655 — fixed: 12075, skipped: 0
Batch 485/655 — fixed: 12100, skipped: 0
Batch 486/655 — fixed: 12125, skipped: 0
Batch 487/655 — fixed: 12150, skipped: 0
Batch 488/655 — fixed: 12175, skipped: 0
Batch 489/655 — fixed: 12200, skipped: 0
Batch 490/655 — fixed: 12225, skipped: 0
Batch 491/655 — fixed: 12250, skipped: 0
Batch 492/655 — fixed: 12275, skipped: 0
Batch 493/655 — fixed: 12300, skipped: 0
Batch 494/655 — fixed: 12325, skipped: 0
Batch 495/655 — fixed: 12350, skipped: 0
Batch 496/655 — fixed: 12375, skipped: 0
Batch 497/655 — fixed: 12400, skipped: 0
Batch 498/655 — fixed: 12425, skipped: 0
Batch 499/655 — fixed: 12450, skipped: 0
Batch 500/655 — fixed: 12475, skipped: 0
Batch 501/655 — fixed: 12500, skipped: 0
Batch 502/655 — fixed: 12525, skipped: 0
Batch 503/655 — fixed: 12550, skipped: 0
Batch 504/655 — fixed: 12575, skipped: 0
Batch 505/655 — fixed: 12600, skipped: 0
Batch 506/655 — fixed: 12625, skipped: 0
Batch 507/655 — fixed: 12650, skipped: 0
Batch 508/655 — fixed: 12675, skipped: 0
Batch 509/655 — fixed: 12700, skipped: 0
Batch 510/655 — fixed: 12725, skipped: 0
Batch 511/655 — fixed: 12750, skipped: 0
Batch 512/655 — fixed: 12775, skipped: 0
Batch 513/655 — fixed: 12800, skipped: 0
Batch 514/655 — fixed: 12825, skipped: 0
Batch 515/655 — fixed: 12850, skipped: 0
Batch 516/655 — fixed: 12875, skipped: 0
Batch 517/655 — fixed: 12900, skipped: 0
Batch 518/655 — fixed: 12925, skipped: 0
Batch 519/655 — fixed: 12950, skipped: 0
Batch 520/655 — fixed: 12975, skipped: 0
Batch 521/655 — fixed: 13000, skipped: 0
Batch 522/655 — fixed: 13025, skipped: 0
Batch 523/655 — fixed: 13050, skipped: 0
Batch 524/655 — fixed: 13075, skipped: 0
Batch 525/655 — fixed: 13100, skipped: 0
Batch 526/655 — fixed: 13125, skipped: 0
Batch 527/655 — fixed: 13150, skipped: 0
Batch 528/655 — fixed: 13175, skipped: 0
Batch 529/655 — fixed: 13200, skipped: 0
Batch 530/655 — fixed: 13225, skipped: 0
Batch 531/655 — fixed: 13250, skipped: 0
Batch 532/655 — fixed: 13275, skipped: 0
Batch 533/655 — fixed: 13300, skipped: 0
Batch 534/655 — fixed: 13325, skipped: 0
Batch 535/655 — fixed: 13350, skipped: 0
Batch 536/655 — fixed: 13375, skipped: 0
Batch 537/655 — fixed: 13400, skipped: 0
Batch 538/655 — fixed: 13425, skipped: 0
Batch 539/655 — fixed: 13450, skipped: 0
Batch 540/655 — fixed: 13475, skipped: 0
Batch 541/655 — fixed: 13500, skipped: 0
Batch 542/655 — fixed: 13525, skipped: 0
Batch 543/655 — fixed: 13550, skipped: 0
Batch 544/655 — fixed: 13575, skipped: 0
Batch 545/655 — fixed: 13600, skipped: 0
Batch 546/655 — fixed: 13625, skipped: 0
Batch 547/655 — fixed: 13650, skipped: 0
Batch 548/655 — fixed: 13675, skipped: 0
Batch 549/655 — fixed: 13700, skipped: 0
Batch 550/655 — fixed: 13725, skipped: 0
Batch 551/655 — fixed: 13750, skipped: 0
Batch 552/655 — fixed: 13775, skipped: 0
Batch 553/655 — fixed: 13800, skipped: 0
Batch 554/655 — fixed: 13825, skipped: 0
Batch 555/655 — fixed: 13850, skipped: 0
Batch 556/655 — fixed: 13875, skipped: 0
Batch 557/655 — fixed: 13900, skipped: 0
Batch 558/655 — fixed: 13925, skipped: 0
Batch 559/655 — fixed: 13950, skipped: 0
Batch 560/655 — fixed: 13975, skipped: 0
Batch 561/655 — fixed: 14000, skipped: 0
Batch 562/655 — fixed: 14025, skipped: 0
Batch 563/655 — fixed: 14050, skipped: 0
Batch 564/655 — fixed: 14075, skipped: 0
Batch 565/655 — fixed: 14100, skipped: 0
Batch 566/655 — fixed: 14125, skipped: 0
Batch 567/655 — fixed: 14150, skipped: 0
Batch 568/655 — fixed: 14175, skipped: 0
Batch 569/655 — fixed: 14200, skipped: 0
Batch 570/655 — fixed: 14225, skipped: 0
Batch 571/655 — fixed: 14250, skipped: 0
Batch 572/655 — fixed: 14275, skipped: 0
Batch 573/655 — fixed: 14300, skipped: 0
Batch 574/655 — fixed: 14325, skipped: 0
Batch 575/655 — fixed: 14350, skipped: 0
Batch 576/655 — fixed: 14375, skipped: 0
Batch 577/655 — fixed: 14400, skipped: 0
Batch 578/655 — fixed: 14425, skipped: 0
Batch 579/655 — fixed: 14450, skipped: 0
Batch 580/655 — fixed: 14475, skipped: 0
Batch 581/655 — fixed: 14500, skipped: 0
Batch 582/655 — fixed: 14525, skipped: 0
Batch 583/655 — fixed: 14550, skipped: 0
Batch 584/655 — fixed: 14575, skipped: 0
Batch 585/655 — fixed: 14600, skipped: 0
Batch 586/655 — fixed: 14625, skipped: 0
Batch 587/655 — fixed: 14650, skipped: 0
Batch 588/655 — fixed: 14675, skipped: 0
Batch 589/655 — fixed: 14700, skipped: 0
Batch 590/655 — fixed: 14725, skipped: 0
Batch 591/655 — fixed: 14750, skipped: 0
Batch 592/655 — fixed: 14775, skipped: 0
Batch 593/655 — fixed: 14800, skipped: 0
Batch 594/655 — fixed: 14825, skipped: 0
Batch 595/655 — fixed: 14850, skipped: 0
Batch 596/655 — fixed: 14875, skipped: 0
Batch 597/655 — fixed: 14900, skipped: 0
Batch 598/655 — fixed: 14925, skipped: 0
Batch 599/655 — fixed: 14950, skipped: 0
Batch 600/655 — fixed: 14975, skipped: 0
Batch 601/655 — fixed: 15000, skipped: 0
Batch 602/655 — fixed: 15025, skipped: 0
Batch 603/655 — fixed: 15050, skipped: 0
Batch 604/655 — fixed: 15075, skipped: 0
Batch 605/655 — fixed: 15100, skipped: 0
Batch 606/655 — fixed: 15125, skipped: 0
Batch 607/655 — fixed: 15150, skipped: 0
Batch 608/655 — fixed: 15175, skipped: 0
Batch 609/655 — fixed: 15200, skipped: 0
Batch 610/655 — fixed: 15225, skipped: 0
Batch 611/655 — fixed: 15250, skipped: 0
Batch 612/655 — fixed: 15275, skipped: 0
Batch 613/655 — fixed: 15300, skipped: 0
Batch 614/655 — fixed: 15325, skipped: 0
Batch 615/655 — fixed: 15350, skipped: 0
Batch 616/655 — fixed: 15375, skipped: 0
Batch 617/655 — fixed: 15400, skipped: 0
Batch 618/655 — fixed: 15425, skipped: 0
Batch 619/655 — fixed: 15450, skipped: 0
Batch 620/655 — fixed: 15475, skipped: 0
Batch 621/655 — fixed: 15500, skipped: 0
Batch 622/655 — fixed: 15525, skipped: 0
Batch 623/655 — fixed: 15550, skipped: 0
Batch 624/655 — fixed: 15575, skipped: 0
Batch 625/655 — fixed: 15600, skipped: 0
Batch 626/655 — fixed: 15625, skipped: 0
Batch 627/655 — fixed: 15650, skipped: 0
Batch 628/655 — fixed: 15675, skipped: 0
Batch 629/655 — fixed: 15700, skipped: 0
Batch 630/655 — fixed: 15725, skipped: 0
Batch 631/655 — fixed: 15750, skipped: 0
Batch 632/655 — fixed: 15775, skipped: 0
Batch 633/655 — fixed: 15800, skipped: 0
Batch 634/655 — fixed: 15825, skipped: 0
Batch 635/655 — fixed: 15850, skipped: 0
Batch 636/655 — fixed: 15875, skipped: 0
Batch 637/655 — fixed: 15900, skipped: 0
Batch 638/655 — fixed: 15925, skipped: 0
Batch 639/655 — fixed: 15950, skipped: 0
Batch 640/655 — fixed: 15975, skipped: 0
Batch 641/655 — fixed: 16000, skipped: 0
Batch 642/655 — fixed: 16025, skipped: 0
Batch 643/655 — fixed: 16050, skipped: 0
Batch 644/655 — fixed: 16075, skipped: 0
Batch 645/655 — fixed: 16100, skipped: 0
Batch 646/655 — fixed: 16125, skipped: 0
Batch 647/655 — fixed: 16150, skipped: 0
Batch 648/655 — fixed: 16175, skipped: 0
Batch 649/655 — fixed: 16200, skipped: 0
Batch 650/655 — fixed: 16225, skipped: 0
Batch 651/655 — fixed: 16250, skipped: 0
Batch 652/655 — fixed: 16275, skipped: 0
Batch 653/655 — fixed: 16300, skipped: 0
Batch 654/655 — fixed: 16325, skipped: 0
Batch 655/655 — fixed: 16339, skipped: 0

Done. Fixed: 16339, Skipped: 0
